

docker build -t tekimg .
docker tag tekimg:latest balag4u/tekimg:latest
docker push balag4u/tekimg:latest


Balaji-Crop-Laptop@BALAJI-CROP-LAPTOP MINGW64 ~ (master)
$ cp SYS.sql TeknoDemo/

Balaji-Crop-Laptop@BALAJI-CROP-LAPTOP MINGW64 ~ (master)
$ cd TeknoDemo/

Balaji-Crop-Laptop@BALAJI-CROP-LAPTOP MINGW64 ~/TeknoDemo (master)
$ git init
Reinitialized existing Git repository in C:/Users/Balaji-Crop-Laptop/TeknoDemo/.git/

Balaji-Crop-Laptop@BALAJI-CROP-LAPTOP MINGW64 ~/TeknoDemo (master)
$ git add .

Balaji-Crop-Laptop@BALAJI-CROP-LAPTOP MINGW64 ~/TeknoDemo (master)
$ git commit -m 'test2 commit'
[master b15f5d4] test2 commit
 1 file changed, 0 insertions(+), 0 deletions(-)
 create mode 100644 SYS.sql

Balaji-Crop-Laptop@BALAJI-CROP-LAPTOP MINGW64 ~/TeknoDemo (master)
$ git remote add origin https://github.com/grbalaji/TeknoDemo.git
fatal: remote origin already exists.

Balaji-Crop-Laptop@BALAJI-CROP-LAPTOP MINGW64 ~/TeknoDemo (master)
$ git remote -v
origin  https://github.com/grbalaji/TeknoDemo.git (fetch)
origin  https://github.com/grbalaji/TeknoDemo.git (push)

Balaji-Crop-Laptop@BALAJI-CROP-LAPTOP MINGW64 ~/TeknoDemo (master)
$ git push origin master
fatal: AggregateException encountered.
   One or more errors occurred.
fatal: AggregateException encountered.
   One or more errors occurred.
Username for 'https://github.com': balarockins@gmail.com
Counting objects: 3, done.
Delta compression using up to 8 threads.
Compressing objects: 100% (2/2), done.
Writing objects: 100% (3/3), 302 bytes | 0 bytes/s, done.
Total 3 (delta 0), reused 0 (delta 0)
To https://github.com/grbalaji/TeknoDemo.git
   c8dd4d9..b15f5d4  master -> master

Balaji-Crop-Laptop@BALAJI-CROP-LAPTOP MINGW64 ~/TeknoDemo (master)
$
